<?xml version="1.0" encoding="utf-8"?><testsuites name="pytest tests"><testsuite name="pytest" errors="0" failures="0" skipped="11" tests="111" time="5.308" timestamp="2025-09-11T19:59:20.169358-05:00" hostname="money"><testcase classname="tests.test_api_contract" name="test_health_endpoint_contract" time="0.007" /><testcase classname="tests.test_api_contract" name="test_models_endpoint_contract" time="0.004" /><testcase classname="tests.test_api_contract" name="test_fantasy_predictions_contract" time="0.030" /><testcase classname="tests.test_api_contract" name="test_betting_props_contract" time="0.011" /><testcase classname="tests.test_betting_props" name="test_admin_snapshot_and_props_offers" time="0.012" /><testcase classname="tests.test_betting_props" name="test_mock_provider_schema_matches_snapshot_mapping" time="0.078" /><testcase classname="tests.test_betting_props_team_filter" name="test_props_team_filter_h2h" time="0.009" /><testcase classname="tests.test_coverage_matrices" name="test_stats_feature_matrix_includes_key_stats_and_features" time="0.002" /><testcase classname="tests.test_coverage_matrices" name="test_model_market_matrix_includes_key_markets_and_models" time="0.001" /><testcase classname="tests.test_data_validation.TestDataQualityValidator" name="test_initialization" time="0.001" /><testcase classname="tests.test_data_validation.TestDataQualityValidator" name="test_validate_player_completeness_valid" time="0.001" /><testcase classname="tests.test_data_validation.TestDataQualityValidator" name="test_validate_player_completeness_missing_fields" time="0.001" /><testcase classname="tests.test_data_validation.TestStatsValidator" name="test_initialization" time="0.001" /><testcase classname="tests.test_data_validation.TestStatsValidator" name="test_validate_fantasy_points_calculation_correct" time="0.002" /><testcase classname="tests.test_feature_engineering.TestNFLFeatureEngineer" name="test_initialization" time="0.001" /><testcase classname="tests.test_feature_engineering.TestNFLFeatureEngineer" name="test_engineer_player_features_complete_flow" time="0.016" /><testcase classname="tests.test_feature_engineering.TestNFLFeatureEngineer" name="test_compute_historical_features" time="0.016" /><testcase classname="tests.test_feature_engineering.TestNFLFeatureEngineer" name="test_compute_matchup_features" time="0.007" /><testcase classname="tests.test_feature_engineering.TestNFLFeatureEngineer" name="test_compute_situational_features" time="0.002" /><testcase classname="tests.test_feature_engineering.TestNFLFeatureEngineer" name="test_compute_team_context_features" time="0.006" /><testcase classname="tests.test_feature_engineering.TestNFLFeatureEngineer" name="test_compute_advanced_metrics_qb" time="0.003" /><testcase classname="tests.test_feature_engineering.TestNFLFeatureEngineer" name="test_compute_advanced_metrics_wr" time="0.003" /><testcase classname="tests.test_feature_engineering.TestNFLFeatureEngineer" name="test_prepare_training_data" time="0.006" /><testcase classname="tests.test_feature_engineering.TestNFLFeatureEngineer" name="test_select_features" time="0.002" /><testcase classname="tests.test_feature_engineering.TestNFLFeatureEngineer" name="test_error_handling_no_player" time="0.002" /><testcase classname="tests.test_feature_engineering.TestNFLFeatureEngineer" name="test_error_handling_no_feature_data" time="0.001" /><testcase classname="tests.test_feature_engineering.TestNFLFeatureEngineer" name="test_error_handling_missing_target" time="0.001" /><testcase classname="tests.test_feature_engineering.TestNFLFeatureEngineer" name="test_position_weights[QB-expected_weights0]" time="0.001" /><testcase classname="tests.test_feature_engineering.TestNFLFeatureEngineer" name="test_position_weights[RB-expected_weights1]" time="0.001" /><testcase classname="tests.test_feature_engineering.TestNFLFeatureEngineer" name="test_position_weights[WR-expected_weights2]" time="0.001" /><testcase classname="tests.test_feature_engineering.TestNFLFeatureEngineer" name="test_position_weights[TE-expected_weights3]" time="0.001" /><testcase classname="tests.test_feature_engineering.TestFeatureIntegration" name="test_end_to_end_feature_pipeline" time="0.026" /><testcase classname="tests.test_feature_engineering_simple.TestFeatureEngineeringCore" name="test_prepare_training_data_basic" time="0.006" /><testcase classname="tests.test_feature_engineering_simple.TestFeatureEngineeringCore" name="test_feature_selection_basic" time="0.001" /><testcase classname="tests.test_feature_engineering_simple.TestFeatureEngineeringCore" name="test_position_weights_configuration" time="0.000" /><testcase classname="tests.test_feature_engineering_simple.TestFeatureEngineeringCore" name="test_lookback_windows_configuration" time="0.000" /><testcase classname="tests.test_feature_engineering_simple.TestFeatureEngineeringCore" name="test_error_handling_empty_data" time="0.000" /><testcase classname="tests.test_feature_engineering_simple.TestFeatureEngineeringCore" name="test_error_handling_missing_target" time="0.001" /><testcase classname="tests.test_market_mapping" name="test_book_normalization_variants" time="0.000" /><testcase classname="tests.test_market_mapping" name="test_market_normalization_variants" time="0.000" /><testcase classname="tests.test_market_mapping" name="test_to_internal_ok" time="0.000" /><testcase classname="tests.test_market_mapping" name="test_to_internal_unknown_market" time="0.000" /><testcase classname="tests.test_market_mapping_teams" name="test_normalize_team_kc_variants" time="0.000" /><testcase classname="tests.test_market_mapping_teams" name="test_normalize_team_raiders_variants" time="0.000" /><testcase classname="tests.test_market_mapping_teams" name="test_normalize_team_washington_variants" time="0.000" /><testcase classname="tests.test_market_mapping_teams" name="test_normalize_team_la_variants" time="0.000" /><testcase classname="tests.test_market_mapping_teams" name="test_normalize_team_sf_variants" time="0.000" /><testcase classname="tests.test_prediction_models.TestModelConfig" name="test_model_config_creation" time="0.000" /><testcase classname="tests.test_prediction_models.TestNFLPredictionModel" name="test_model_initialization" time="0.001" /><testcase classname="tests.test_prediction_models.TestNFLPredictionModel" name="test_model_initialization_unsupported_type" time="0.001" /><testcase classname="tests.test_prediction_models.TestNFLPredictionModel" name="test_model_training" time="0.178" /><testcase classname="tests.test_prediction_models.TestNFLPredictionModel" name="test_model_prediction" time="0.168" /><testcase classname="tests.test_prediction_models.TestNFLPredictionModel" name="test_prediction_without_training" time="0.001" /><testcase classname="tests.test_prediction_models.TestNFLPredictionModel" name="test_feature_importance_extraction" time="0.161" /><testcase classname="tests.test_prediction_models.TestNFLPredictionModel" name="test_model_save_load" time="0.174" /><testcase classname="tests.test_prediction_models.TestNFLPredictionModel" name="test_save_untrained_model_error" time="0.001" /><testcase classname="tests.test_prediction_models.TestEnsembleModel" name="test_ensemble_initialization" time="0.178" /><testcase classname="tests.test_prediction_models.TestEnsembleModel" name="test_ensemble_with_custom_weights" time="0.123" /><testcase classname="tests.test_prediction_models.TestEnsembleModel" name="test_ensemble_weight_mismatch_error" time="0.174" /><testcase classname="tests.test_prediction_models.TestEnsembleModel" name="test_ensemble_prediction" time="0.125" /><testcase classname="tests.test_prediction_models.TestEnsembleModel" name="test_ensemble_performance_summary" time="0.124" /><testcase classname="tests.test_prediction_models.TestNFLPredictionEngine" name="test_engine_initialization" time="0.001" /><testcase classname="tests.test_prediction_models.TestNFLPredictionEngine" name="test_create_model_configs" time="0.001" /><testcase classname="tests.test_prediction_models.TestNFLPredictionEngine" name="test_train_models_basic" time="0.400" /><testcase classname="tests.test_prediction_models.TestDeterministicBehavior" name="test_deterministic_training" time="0.102" /><testcase classname="tests.test_prediction_models.TestDeterministicBehavior" name="test_deterministic_predictions" time="0.069" /><testcase classname="tests.test_schema_comprehensive" name="test_reference_teams_schema" time="0.000"><skipped type="pytest.skip" message="File not found: data/snapshots/2025-W1-snaps/reference_teams.csv">/home/money/CascadeProjects/nfl-betting-analyzer/tests/test_schema_comprehensive.py:29: File not found: data/snapshots/2025-W1-snaps/reference_teams.csv</skipped></testcase><testcase classname="tests.test_schema_comprehensive" name="test_reference_stadiums_schema" time="0.000"><skipped type="pytest.skip" message="File not found: data/snapshots/2025-W1-snaps/reference_stadiums.csv">/home/money/CascadeProjects/nfl-betting-analyzer/tests/test_schema_comprehensive.py:29: File not found: data/snapshots/2025-W1-snaps/reference_stadiums.csv</skipped></testcase><testcase classname="tests.test_schema_comprehensive" name="test_reference_players_schema" time="0.000"><skipped type="pytest.skip" message="File not found: data/snapshots/2025-W1-snaps/reference_players.csv">/home/money/CascadeProjects/nfl-betting-analyzer/tests/test_schema_comprehensive.py:29: File not found: data/snapshots/2025-W1-snaps/reference_players.csv</skipped></testcase><testcase classname="tests.test_schema_comprehensive" name="test_rosters_schema" time="0.001"><skipped type="pytest.skip" message="File not found: data/snapshots/2025-W1-snaps/rosters.csv">/home/money/CascadeProjects/nfl-betting-analyzer/tests/test_schema_comprehensive.py:29: File not found: data/snapshots/2025-W1-snaps/rosters.csv</skipped></testcase><testcase classname="tests.test_schema_comprehensive" name="test_depth_charts_schema" time="0.000"><skipped type="pytest.skip" message="File not found: data/snapshots/2025-W1-snaps/depth_charts.csv">/home/money/CascadeProjects/nfl-betting-analyzer/tests/test_schema_comprehensive.py:29: File not found: data/snapshots/2025-W1-snaps/depth_charts.csv</skipped></testcase><testcase classname="tests.test_schema_comprehensive" name="test_injuries_schema" time="0.000"><skipped type="pytest.skip" message="File not found: data/snapshots/2025-W1-snaps/injuries.csv">/home/money/CascadeProjects/nfl-betting-analyzer/tests/test_schema_comprehensive.py:29: File not found: data/snapshots/2025-W1-snaps/injuries.csv</skipped></testcase><testcase classname="tests.test_schema_comprehensive" name="test_schedule_schema" time="0.000"><skipped type="pytest.skip" message="File not found: data/snapshots/2025-W1-snaps/schedule.csv">/home/money/CascadeProjects/nfl-betting-analyzer/tests/test_schema_comprehensive.py:29: File not found: data/snapshots/2025-W1-snaps/schedule.csv</skipped></testcase><testcase classname="tests.test_schema_comprehensive" name="test_snaps_schema" time="0.000"><skipped type="pytest.skip" message="File not found: data/snapshots/2025-W1-snaps/snaps.csv">/home/money/CascadeProjects/nfl-betting-analyzer/tests/test_schema_comprehensive.py:29: File not found: data/snapshots/2025-W1-snaps/snaps.csv</skipped></testcase><testcase classname="tests.test_schema_comprehensive" name="test_pbp_schema" time="0.000"><skipped type="pytest.skip" message="File not found: data/snapshots/2025-W1-snaps/pbp.csv">/home/money/CascadeProjects/nfl-betting-analyzer/tests/test_schema_comprehensive.py:29: File not found: data/snapshots/2025-W1-snaps/pbp.csv</skipped></testcase><testcase classname="tests.test_schema_comprehensive" name="test_weather_schema" time="0.000"><skipped type="pytest.skip" message="File not found: data/snapshots/2025-W1-snaps/weather.csv">/home/money/CascadeProjects/nfl-betting-analyzer/tests/test_schema_comprehensive.py:29: File not found: data/snapshots/2025-W1-snaps/weather.csv</skipped></testcase><testcase classname="tests.test_schema_comprehensive" name="test_odds_schema" time="0.000"><skipped type="pytest.skip" message="File not found: data/snapshots/2025-W1-snaps/odds.csv">/home/money/CascadeProjects/nfl-betting-analyzer/tests/test_schema_comprehensive.py:29: File not found: data/snapshots/2025-W1-snaps/odds.csv</skipped></testcase><testcase classname="tests.test_schema_games_usage" name="test_schedule_schema" time="0.000" /><testcase classname="tests.test_schema_games_usage" name="test_snaps_schema" time="0.000" /><testcase classname="tests.test_schema_games_usage" name="test_pbp_schema" time="0.000" /><testcase classname="tests.test_schema_games_usage" name="test_weather_schema" time="0.000" /><testcase classname="tests.test_schema_games_usage" name="test_odds_schema" time="0.000" /><testcase classname="tests.test_schema_reference" name="test_reference_teams_schema" time="0.001" /><testcase classname="tests.test_schema_reference" name="test_reference_stadiums_schema" time="0.000" /><testcase classname="tests.test_schema_reference" name="test_reference_players_schema" time="0.000" /><testcase classname="tests.test_schema_rosters_depth_injuries" name="test_rosters_schema_and_pk" time="0.000" /><testcase classname="tests.test_schema_rosters_depth_injuries" name="test_depth_charts_schema" time="0.000" /><testcase classname="tests.test_schema_rosters_depth_injuries" name="test_injuries_schema" time="0.000" /><testcase classname="tests.test_system" name="test_backtest_smoke_metrics" time="0.301" /><testcase classname="tests.test_system.TestSystemImports" name="test_core_imports" time="0.016" /><testcase classname="tests.test_system.TestSystemImports" name="test_advanced_imports" time="1.168" /><testcase classname="tests.test_system.TestSystemImports" name="test_utility_imports" time="0.000" /><testcase classname="tests.test_system.TestDatabaseModels" name="test_player_model_creation" time="0.000" /><testcase classname="tests.test_system.TestDatabaseModels" name="test_game_model_creation" time="0.000" /><testcase classname="tests.test_system.TestDatabaseModels" name="test_player_game_stats_model" time="0.000" /><testcase classname="tests.test_system.TestConfigurationSystem" name="test_config_files_exist" time="0.000" /><testcase classname="tests.test_system.TestConfigurationSystem" name="test_config_loading" time="0.003" /><testcase classname="tests.test_system.TestConfigurationSystem" name="test_config_validation" time="0.002" /><testcase classname="tests.test_system.TestPredictionSystem" name="test_validation_framework_initialization" time="0.000" /><testcase classname="tests.test_system.TestPredictionSystem" name="test_model_evaluation_initialization" time="0.000" /><testcase classname="tests.test_system.TestPredictionSystem" name="test_prediction_structure" time="0.001" /><testcase classname="tests.test_system.TestValidationFramework" name="test_validation_framework_import" time="0.000" /><testcase classname="tests.test_system.TestValidationFramework" name="test_backtest_framework_structure" time="0.002" /><testcase classname="tests.test_system.TestCoverageValidation" name="test_coverage_generation_import" time="0.000" /><testcase classname="tests.test_system.TestCoverageValidation" name="test_coverage_matrix_structure" time="0.000" /><testcase classname="tests.test_system.TestDataIntegrity" name="test_requirements_file_exists" time="0.000" /><testcase classname="tests.test_system.TestDataIntegrity" name="test_gitignore_exists" time="0.000" /><testcase classname="tests.test_system.TestDataIntegrity" name="test_documentation_exists" time="0.000" /><testcase classname="tests.test_system.TestPerformanceAndReliability" name="test_memory_usage_reasonable" time="0.001" /><testcase classname="tests.test_system.TestPerformanceAndReliability" name="test_error_handling_robustness" time="0.000" /><testcase classname="tests.test_system.TestSystemIntegration" name="test_complete_prediction_workflow" time="0.000" /></testsuite></testsuites>